// Jest Snapshot v1, https://goo.gl/fbAQLP

exports[`choerodon-ui/pro exports modules correctly 1`] = `
Array [
  "Axios",
  "DataSet",
  "Form",
  "Table",
  "Button",
  "CheckBox",
  "Radio",
  "TextField",
  "NumberField",
  "Currency",
  "Password",
  "UrlField",
  "EmailField",
  "Range",
  "TextArea",
  "DatePicker",
  "DateTimePicker",
  "TimePicker",
  "WeekPicker",
  "MonthPicker",
  "YearPicker",
  "ColorPicker",
  "IconPicker",
  "IntlField",
  "Lov",
  "Select",
  "SelectBox",
  "Transfer",
  "Progress",
  "Modal",
  "ModalContainer",
  "ModalProvider",
  "Upload",
  "Icon",
  "Row",
  "Col",
  "localeContext",
  "Pagination",
  "Menu",
  "Tabs",
  "Spin",
  "Tooltip",
  "message",
  "notification",
  "Tree",
  "Dropdown",
  "Output",
  "Switch",
  "Stores",
  "Animate",
  "CodeArea",
  "Skeleton",
  "AutoComplete",
  "Cascader",
  "PerformanceTable",
  "RichText",
  "Screening",
]
`;
